

================================================================
== Vivado HLS Report for 'vadd'
================================================================
* Date:           Fri Sep 16 15:39:06 2022

* Version:        2018.2 (Build 2258646 on Thu Jun 14 20:25:20 MDT 2018)
* Project:        vadd_prj
* Solution:       solution1
* Product family: virtexuplus
* Target device:  xcvu9p-flgb2104-2-i


================================================================
== Performance Estimates
================================================================
+ Timing (ns): 
    * Summary: 
    +--------+-------+----------+------------+
    |  Clock | Target| Estimated| Uncertainty|
    +--------+-------+----------+------------+
    |ap_clk  |  10.00|     8.750|        1.25|
    +--------+-------+----------+------------+

+ Latency (clock cycles): 
    * Summary: 
    +-----+-----+-----+-----+---------+
    |  Latency  |  Interval | Pipeline|
    | min | max | min | max |   Type  |
    +-----+-----+-----+-----+---------+
    |    ?|    ?|    ?|    ?|   none  |
    +-----+-----+-----+-----+---------+

    + Detail: 
        * Instance: 
        N/A

        * Loop: 
        +----------+-----+-----+----------+-----------+-----------+------+----------+
        |          |  Latency  | Iteration|  Initiation Interval  | Trip |          |
        | Loop Name| min | max |  Latency |  achieved |   target  | Count| Pipelined|
        +----------+-----+-----+----------+-----------+-----------+------+----------+
        |- Loop 1  |    ?|    ?|        41|          -|          -|     ?|    no    |
        |- Loop 2  |    ?|    ?|         6|          -|          -|     ?|    no    |
        +----------+-----+-----+----------+-----------+-----------+------+----------+



================================================================
== Utilization Estimates
================================================================
* Summary: 
+-----------------+---------+-------+---------+---------+-----+
|       Name      | BRAM_18K| DSP48E|    FF   |   LUT   | URAM|
+-----------------+---------+-------+---------+---------+-----+
|DSP              |        -|      -|        -|        -|    -|
|Expression       |        -|      -|        0|     1674|    -|
|FIFO             |        -|      -|        -|        -|    -|
|Instance         |        -|      -|        -|        -|    -|
|Memory           |        -|      -|        -|        -|    -|
|Multiplexer      |        -|      -|        -|      433|    -|
|Register         |        -|      -|     1975|        -|    -|
+-----------------+---------+-------+---------+---------+-----+
|Total            |        0|      0|     1975|     2107|    0|
+-----------------+---------+-------+---------+---------+-----+
|Available        |     4320|   6840|  2364480|  1182240|  960|
+-----------------+---------+-------+---------+---------+-----+
|Utilization (%)  |        0|      0|    ~0   |    ~0   |    0|
+-----------------+---------+-------+---------+---------+-----+

+ Detail: 
    * Instance: 
    N/A

    * DSP48: 
    N/A

    * Memory: 
    N/A

    * FIFO: 
    N/A

    * Expression: 
    +---------------------+----------+-------+---+----+------------+------------+
    |    Variable Name    | Operation| DSP48E| FF| LUT| Bitwidth P0| Bitwidth P1|
    +---------------------+----------+-------+---+----+------------+------------+
    |a_0_sum1_fu_495_p2   |     +    |      0|  0|  40|          33|           1|
    |a_0_sum6_fu_640_p2   |     +    |      0|  0|  40|          33|           1|
    |a_0_sum7_fu_844_p2   |     +    |      0|  0|  40|          33|           1|
    |a_0_sum9_fu_742_p2   |     +    |      0|  0|  40|          33|           1|
    |a_0_sum_fu_903_p2    |     +    |      0|  0|  40|          33|           1|
    |i_2_fu_860_p2        |     +    |      0|  0|  39|          32|           4|
    |i_3_fu_939_p2        |     +    |      0|  0|  39|          32|           1|
    |i_5_op_op_fu_410_p2  |     +    |      0|  0|  39|          32|           3|
    |tmp_11_fu_612_p2     |     +    |      0|  0|  39|          32|          32|
    |tmp_12_fu_616_p2     |     +    |      0|  0|  39|          32|          32|
    |tmp_16_fu_666_p2     |     +    |      0|  0|  39|          32|          32|
    |tmp_17_fu_670_p2     |     +    |      0|  0|  39|          32|          32|
    |tmp_21_fu_714_p2     |     +    |      0|  0|  39|          32|          32|
    |tmp_22_fu_718_p2     |     +    |      0|  0|  39|          32|          32|
    |tmp_26_fu_768_p2     |     +    |      0|  0|  39|          32|          32|
    |tmp_27_fu_772_p2     |     +    |      0|  0|  39|          32|          32|
    |tmp_31_fu_816_p2     |     +    |      0|  0|  39|          32|          32|
    |tmp_32_fu_820_p2     |     +    |      0|  0|  39|          32|          32|
    |tmp_36_fu_880_p2     |     +    |      0|  0|  39|          32|          32|
    |tmp_37_fu_876_p2     |     +    |      0|  0|  39|          32|          32|
    |tmp_3_fu_521_p2      |     +    |      0|  0|  39|          32|          32|
    |tmp_41_fu_930_p2     |     +    |      0|  0|  39|          32|          32|
    |tmp_42_fu_934_p2     |     +    |      0|  0|  39|          32|          32|
    |tmp_5_fu_525_p2      |     +    |      0|  0|  39|          32|          32|
    |tmp_8_fu_563_p2      |     +    |      0|  0|  39|          32|          32|
    |tmp_9_fu_567_p2      |     +    |      0|  0|  39|          32|          32|
    |p_neg_fu_424_p2      |     -    |      0|  0|  39|           4|          32|
    |p_neg_t_fu_440_p2    |     -    |      0|  0|  36|           1|          29|
    |tmp_39_fu_894_p2     |   icmp   |      0|  0|  20|          32|          32|
    |tmp_50_fu_480_p2     |   icmp   |      0|  0|  20|          32|          32|
    |a_0_sum2_fu_543_p2   |    or    |      0|  0|  64|          64|           1|
    |a_0_sum3_fu_592_p2   |    or    |      0|  0|  64|          64|           1|
    |a_0_sum4_fu_694_p2   |    or    |      0|  0|  64|          64|           1|
    |a_0_sum5_fu_796_p2   |    or    |      0|  0|  64|          64|           1|
    |ap_block_state13     |    or    |      0|  0|   2|           1|           1|
    |tmp_14_fu_630_p2     |    or    |      0|  0|  32|          32|           2|
    |tmp_19_fu_684_p2     |    or    |      0|  0|  32|          32|           3|
    |tmp_1_fu_485_p2      |    or    |      0|  0|  32|          32|           1|
    |tmp_24_fu_732_p2     |    or    |      0|  0|  32|          32|           3|
    |tmp_29_fu_786_p2     |    or    |      0|  0|  32|          32|           3|
    |tmp_34_fu_834_p2     |    or    |      0|  0|  32|          32|           3|
    |tmp_4_fu_582_p2      |    or    |      0|  0|  32|          32|           2|
    |tmp_47_fu_456_p3     |  select  |      0|  0|  29|           1|          29|
    |tmp_48_fu_464_p3     |  select  |      0|  0|  29|           1|           1|
    +---------------------+----------+-------+---+----+------------+------------+
    |Total                |          |      0|  0|1674|        1389|         766|
    +---------------------+----------+-------+---+----+------------+------------+

    * Multiplexer: 
    +------------------+-----+-----------+-----+-----------+
    |       Name       | LUT | Input Size| Bits| Total Bits|
    +------------------+-----+-----------+-----+-----------+
    |ap_NS_fsm         |  225|         52|    1|         52|
    |b_c_address       |   93|         19|   32|        608|
    |b_c_dataout       |   47|         10|   32|        320|
    |i_1_reg_376       |    9|          2|   32|         64|
    |i_reg_364         |    9|          2|   32|         64|
    |length_a_address  |   50|         11|   32|        352|
    +------------------+-----+-----------+-----+-----------+
    |Total             |  433|         96|  161|       1460|
    +------------------+-----+-----------+-----+-----------+

    * Register: 
    +-------------------------------+----+----+-----+-----------+
    |              Name             | FF | LUT| Bits| Const Bits|
    +-------------------------------+----+----+-----+-----------+
    |ap_CS_fsm                      |  51|   0|   51|          0|
    |b_c_addr_10_read_reg_1193      |  32|   0|   32|          0|
    |b_c_addr_12_read_reg_1230      |  32|   0|   32|          0|
    |b_c_addr_14_read_reg_1278      |  32|   0|   32|          0|
    |b_c_addr_16_read_reg_1308      |  32|   0|   32|          0|
    |b_c_addr_2_read_reg_1043       |  32|   0|   32|          0|
    |b_c_addr_4_read_reg_1080       |  32|   0|   32|          0|
    |b_c_addr_6_read_reg_1118       |  32|   0|   32|          0|
    |b_c_addr_8_read_reg_1155       |  32|   0|   32|          0|
    |b_c_addr_read_reg_1011         |  32|   0|   32|          0|
    |i_1_reg_376                    |  32|   0|   32|          0|
    |i_2_reg_1257                   |  32|   0|   32|          0|
    |i_3_reg_1323                   |  32|   0|   32|          0|
    |i_5_reg_975                    |  29|   0|   32|          3|
    |i_reg_364                      |  32|   0|   32|          0|
    |length_a_addr_1_read_reg_1038  |  32|   0|   32|          0|
    |length_a_addr_2_read_reg_1075  |  32|   0|   32|          0|
    |length_a_addr_3_read_reg_1113  |  32|   0|   32|          0|
    |length_a_addr_3_reg_1101       |  62|   0|   64|          2|
    |length_a_addr_4_read_reg_1150  |  32|   0|   32|          0|
    |length_a_addr_5_read_reg_1188  |  32|   0|   32|          0|
    |length_a_addr_5_reg_1176       |  63|   0|   64|          1|
    |length_a_addr_6_read_reg_1225  |  32|   0|   32|          0|
    |length_a_addr_7_read_reg_1273  |  32|   0|   32|          0|
    |length_a_addr_7_reg_1251       |  61|   0|   64|          3|
    |length_a_addr_8_read_reg_1303  |  32|   0|   32|          0|
    |length_a_addr_8_reg_1291       |  64|   0|   64|          0|
    |length_a_addr_read_reg_1006    |  32|   0|   32|          0|
    |length_a_addr_reg_994          |  63|   0|   64|          1|
    |length_reg_955                 |  32|   0|   32|          0|
    |tmp_11_reg_1085                |  32|   0|   32|          0|
    |tmp_12_reg_1090                |  32|   0|   32|          0|
    |tmp_14_reg_1095                |  30|   0|   32|          2|
    |tmp_16_reg_1123                |  32|   0|   32|          0|
    |tmp_17_reg_1128                |  32|   0|   32|          0|
    |tmp_19_reg_1133                |  31|   0|   32|          1|
    |tmp_1_reg_988                  |  31|   0|   32|          1|
    |tmp_21_reg_1160                |  32|   0|   32|          0|
    |tmp_22_reg_1165                |  32|   0|   32|          0|
    |tmp_24_reg_1170                |  30|   0|   32|          2|
    |tmp_26_reg_1198                |  32|   0|   32|          0|
    |tmp_27_reg_1203                |  32|   0|   32|          0|
    |tmp_29_reg_1208                |  30|   0|   32|          2|
    |tmp_31_reg_1235                |  32|   0|   32|          0|
    |tmp_32_reg_1240                |  32|   0|   32|          0|
    |tmp_34_reg_1245                |  29|   0|   32|          3|
    |tmp_36_reg_1283                |  32|   0|   32|          0|
    |tmp_37_reg_1268                |  32|   0|   32|          0|
    |tmp_3_reg_1016                 |  32|   0|   32|          0|
    |tmp_41_reg_1313                |  32|   0|   32|          0|
    |tmp_42_reg_1318                |  32|   0|   32|          0|
    |tmp_44_reg_970                 |  29|   0|   29|          0|
    |tmp_49_reg_980                 |  29|   0|   32|          3|
    |tmp_4_reg_1058                 |  31|   0|   32|          1|
    |tmp_5_reg_1021                 |  32|   0|   32|          0|
    |tmp_8_reg_1048                 |  32|   0|   32|          0|
    |tmp_9_reg_1053                 |  32|   0|   32|          0|
    +-------------------------------+----+----+-----+-----------+
    |Total                          |1975|   0| 2000|         25|
    +-------------------------------+----+----+-----+-----------+



================================================================
== Interface
================================================================
* Summary: 
+----------------------+-----+-----+------------+--------------+--------------+
|       RTL Ports      | Dir | Bits|  Protocol  | Source Object|    C Type    |
+----------------------+-----+-----+------------+--------------+--------------+
|ap_clk                |  in |    1| ap_ctrl_hs |     vadd     | return value |
|ap_rst                |  in |    1| ap_ctrl_hs |     vadd     | return value |
|ap_start              |  in |    1| ap_ctrl_hs |     vadd     | return value |
|ap_done               | out |    1| ap_ctrl_hs |     vadd     | return value |
|ap_idle               | out |    1| ap_ctrl_hs |     vadd     | return value |
|ap_ready              | out |    1| ap_ctrl_hs |     vadd     | return value |
|ap_return             | out |   32| ap_ctrl_hs |     vadd     | return value |
|length_a_req_din      | out |    1|   ap_bus   |   length_a   |    pointer   |
|length_a_req_full_n   |  in |    1|   ap_bus   |   length_a   |    pointer   |
|length_a_req_write    | out |    1|   ap_bus   |   length_a   |    pointer   |
|length_a_rsp_empty_n  |  in |    1|   ap_bus   |   length_a   |    pointer   |
|length_a_rsp_read     | out |    1|   ap_bus   |   length_a   |    pointer   |
|length_a_address      | out |   32|   ap_bus   |   length_a   |    pointer   |
|length_a_datain       |  in |   32|   ap_bus   |   length_a   |    pointer   |
|length_a_dataout      | out |   32|   ap_bus   |   length_a   |    pointer   |
|length_a_size         | out |   32|   ap_bus   |   length_a   |    pointer   |
|b_c_req_din           | out |    1|   ap_bus   |      b_c     |    pointer   |
|b_c_req_full_n        |  in |    1|   ap_bus   |      b_c     |    pointer   |
|b_c_req_write         | out |    1|   ap_bus   |      b_c     |    pointer   |
|b_c_rsp_empty_n       |  in |    1|   ap_bus   |      b_c     |    pointer   |
|b_c_rsp_read          | out |    1|   ap_bus   |      b_c     |    pointer   |
|b_c_address           | out |   32|   ap_bus   |      b_c     |    pointer   |
|b_c_datain            |  in |   32|   ap_bus   |      b_c     |    pointer   |
|b_c_dataout           | out |   32|   ap_bus   |      b_c     |    pointer   |
|b_c_size              | out |   32|   ap_bus   |      b_c     |    pointer   |
+----------------------+-----+-----+------------+--------------+--------------+

